Archive member included to satisfy reference by file (symbol)

hw_include/libdriver.a(gpio_pintypei2c_.o)
                              gcc/osram96x16.o (GPIOPinTypeI2C)
hw_include/libdriver.a(i2c_mastercontrol_.o)
                              gcc/osram96x16.o (I2CMasterControl)
hw_include/libdriver.a(i2c_masterdataput_.o)
                              gcc/osram96x16.o (I2CMasterDataPut)
hw_include/libdriver.a(i2c_masterinit_.o)
                              gcc/osram96x16.o (I2CMasterInit)
hw_include/libdriver.a(i2c_masterintstatus_.o)
                              gcc/osram96x16.o (I2CMasterIntStatus)
hw_include/libdriver.a(i2c_masterslaveaddrset_.o)
                              gcc/osram96x16.o (I2CMasterSlaveAddrSet)
hw_include/libdriver.a(interrupt_enable_.o)
                              gcc/main.o (IntEnable)
hw_include/libdriver.a(interrupt_priorityset_.o)
                              gcc/main.o (IntPrioritySet)
hw_include/libdriver.a(interrupt_pulregs_.o)
                              hw_include/libdriver.a(interrupt_priorityset_.o) (g_pulRegs)
hw_include/libdriver.a(sysctl_clockget_.o)
                              hw_include/libdriver.a(i2c_masterinit_.o) (SysCtlClockGet)
hw_include/libdriver.a(sysctl_clockset_.o)
                              gcc/main.o (SysCtlClockSet)
hw_include/libdriver.a(sysctl_peripheralenable_.o)
                              gcc/main.o (SysCtlPeripheralEnable)
hw_include/libdriver.a(sysctl_pulrcgcregs_.o)
                              hw_include/libdriver.a(sysctl_peripheralenable_.o) (g_pulRCGCRegs)
hw_include/libdriver.a(sysctl_pulxtals_.o)
                              hw_include/libdriver.a(sysctl_clockget_.o) (g_pulXtals)
hw_include/libdriver.a(uart_charget_.o)
                              gcc/main.o (UARTCharGet)
hw_include/libdriver.a(uart_charput_.o)
                              gcc/main.o (UARTCharPut)
hw_include/libdriver.a(uart_configset_.o)
                              gcc/main.o (UARTConfigSet)
hw_include/libdriver.a(uart_disable_.o)
                              hw_include/libdriver.a(uart_configset_.o) (UARTDisable)
hw_include/libdriver.a(uart_enable_.o)
                              hw_include/libdriver.a(uart_configset_.o) (UARTEnable)
hw_include/libdriver.a(uart_intclear_.o)
                              gcc/main.o (UARTIntClear)
hw_include/libdriver.a(uart_intdisable_.o)
                              gcc/main.o (UARTIntDisable)
hw_include/libdriver.a(uart_intenable_.o)
                              gcc/main.o (UARTIntEnable)
hw_include/libdriver.a(uart_intstatus_.o)
                              gcc/main.o (UARTIntStatus)
hw_include/libdriver.a(gpio_dirmodeset_.o)
                              hw_include/libdriver.a(gpio_pintypei2c_.o) (GPIODirModeSet)
hw_include/libdriver.a(gpio_padconfigset_.o)
                              hw_include/libdriver.a(gpio_pintypei2c_.o) (GPIOPadConfigSet)
hw_include/libdriver.a(i2c_masterenable_.o)
                              hw_include/libdriver.a(i2c_masterinit_.o) (I2CMasterEnable)
/usr/lib/gcc/arm-none-eabi/9.2.1/../../../arm-none-eabi/lib/thumb/nofp/libc.a(lib_a-memcpy-stub.o)
                              gcc/queue.o (memcpy)
/usr/lib/gcc/arm-none-eabi/9.2.1/../../../arm-none-eabi/lib/thumb/nofp/libc.a(lib_a-memset.o)
                              gcc/main.o (memset)
/usr/lib/gcc/arm-none-eabi/9.2.1/../../../arm-none-eabi/lib/thumb/nofp/libc.a(lib_a-stpcpy.o)
                              gcc/main.o (stpcpy)
/usr/lib/gcc/arm-none-eabi/9.2.1/../../../arm-none-eabi/lib/thumb/nofp/libc.a(lib_a-strlen-stub.o)
                              gcc/main.o (strlen)

Allocating common symbols
Common symbol       size              file

N                   0x4               gcc/main.o
xPrintQueue         0x4               gcc/main.o
xUARTQueue          0x4               gcc/main.o
N_aux               0x4               gcc/main.o
xSensorQueue        0x4               gcc/main.o

Memory Configuration

Name             Origin             Length             Attributes
FLASH            0x0000000000000000 0x0000000000010000 xr
SRAM             0x0000000020000000 0x0000000000002000 xrw
*default*        0x0000000000000000 0xffffffffffffffff

Linker script and memory map


.text           0x0000000000000000     0x36a4
 *(.isr_vector)
 .isr_vector    0x0000000000000000       0xb8 gcc/startup.o
                0x0000000000000000                g_pfnVectors
 *(.text*)
 .text          0x00000000000000b8       0x68 gcc/startup.o
                0x00000000000000c4                ResetISR
 .text          0x0000000000000120      0xa64 gcc/main.o
                0x0000000000000334                vTempSensor
                0x0000000000000384                vFilter
                0x00000000000007d8                vUART_ISR
                0x0000000000000858                getAverage
                0x0000000000000880                longToChar
                0x00000000000008e0                getTasksStats
                0x0000000000000b28                itoa
 .text.startup  0x0000000000000b84      0x13c gcc/main.o
                0x0000000000000b84                main
 .text          0x0000000000000cc0       0x90 gcc/list.o
                0x0000000000000cc0                vListInitialise
                0x0000000000000cd8                vListInitialiseItem
                0x0000000000000ce0                vListInsertEnd
                0x0000000000000cfc                vListInsert
                0x0000000000000d2c                uxListRemove
 .text          0x0000000000000d50      0x7f0 gcc/queue.o
                0x0000000000000e68                xQueueGenericReset
                0x0000000000000ee4                xQueueGenericCreate
                0x0000000000000f1c                xQueueGenericSend
                0x0000000000001030                xQueueGenericSendFromISR
                0x00000000000010a0                xQueueGiveFromISR
                0x0000000000001108                xQueueReceive
                0x0000000000001224                xQueueSemaphoreTake
                0x000000000000132c                xQueuePeek
                0x000000000000143c                xQueueReceiveFromISR
                0x00000000000014ac                xQueuePeekFromISR
                0x00000000000014e0                uxQueueMessagesWaiting
                0x00000000000014f4                uxQueueSpacesAvailable
                0x000000000000150c                uxQueueMessagesWaitingFromISR
                0x0000000000001510                vQueueDelete
                0x0000000000001514                uxQueueGetQueueNumber
                0x0000000000001518                vQueueSetQueueNumber
                0x000000000000151c                ucQueueGetQueueType
                0x0000000000001524                xQueueIsQueueEmptyFromISR
                0x0000000000001530                xQueueIsQueueFullFromISR
 .text          0x0000000000001540      0xf50 gcc/tasks.o
                0x0000000000001700                xTaskCreate
                0x00000000000018ac                eTaskGetState
                0x0000000000001900                vTaskSuspend
                0x00000000000019d0                vTaskResume
                0x0000000000001a50                xTaskResumeFromISR
                0x0000000000001ae4                vTaskStartScheduler
                0x0000000000001b3c                vTaskEndScheduler
                0x0000000000001b5c                vTaskSuspendAll
                0x0000000000001b70                xTaskResumeAll
                0x0000000000001c64                vTaskDelayUntil
                0x0000000000001cb8                vTaskDelay
                0x0000000000001cf4                xTaskGetTickCount
                0x0000000000001d00                xTaskGetTickCountFromISR
                0x0000000000001d0c                uxTaskGetNumberOfTasks
                0x0000000000001d18                pcTaskGetName
                0x0000000000001d2c                xTaskCatchUpTicks
                0x0000000000001d4c                xTaskIncrementTick
                0x0000000000001d68                vTaskSwitchContext
                0x0000000000001d80                vTaskPlaceOnEventList
                0x0000000000001da0                vTaskPlaceOnUnorderedEventList
                0x0000000000001dc8                xTaskRemoveFromEventList
                0x0000000000001e2c                vTaskRemoveFromUnorderedEventList
                0x0000000000001e7c                vTaskSetTimeOutState
                0x0000000000001e9c                vTaskInternalSetTimeOutState
                0x0000000000001eac                xTaskCheckForTimeOut
                0x0000000000001f14                vTaskMissedYield
                0x0000000000001f24                uxTaskGetTaskNumber
                0x0000000000001f2c                vTaskSetTaskNumber
                0x0000000000001f34                vTaskGetInfo
                0x0000000000002014                uxTaskGetSystemState
                0x00000000000020d4                uxTaskGetStackHighWaterMark
                0x0000000000002108                uxTaskResetEventItemValue
                0x0000000000002120                ulTaskNotifyTake
                0x000000000000218c                xTaskNotifyWait
                0x000000000000221c                xTaskGenericNotify
                0x00000000000022cc                xTaskGenericNotifyFromISR
                0x0000000000002394                vTaskNotifyGiveFromISR
                0x0000000000002434                xTaskNotifyStateClear
                0x0000000000002464                ulTaskNotifyValueClear
 .text          0x0000000000002490      0x1bc gcc/port.o
                0x00000000000024cc                pxPortInitialiseStack
                0x00000000000024f4                vPortSVCHandler
                0x0000000000002524                vPortEndScheduler
                0x0000000000002528                vPortEnterCritical
                0x0000000000002548                vPortExitCritical
                0x000000000000255c                xPortPendSVHandler
                0x00000000000025a4                xPortSysTickHandler
                0x00000000000025d0                vPortSetupTimerInterrupt
                0x00000000000025f8                xPortStartScheduler
 .text          0x000000000000264c      0x220 gcc/heap_4.o
                0x00000000000026a0                pvPortMalloc
                0x000000000000278c                vPortFree
                0x00000000000027e0                xPortGetFreeHeapSize
                0x00000000000027ec                xPortGetMinimumEverFreeHeapSize
                0x00000000000027f8                vPortInitialiseBlocks
                0x00000000000027fc                vPortGetHeapStats
 .text          0x000000000000286c      0x350 gcc/osram96x16.o
                0x0000000000002958                OSRAMClear
                0x00000000000029a4                OSRAMStringDraw
                0x0000000000002a5c                OSRAMImageDraw
                0x0000000000002acc                OSRAMInit
                0x0000000000002b54                OSRAMDisplayOn
                0x0000000000002b94                OSRAMDisplayOff
 .text          0x0000000000002bbc       0x28 gcc/rand.o
                0x0000000000002bbc                srand
                0x0000000000002bc8                rand
 .text          0x0000000000002be4       0x20 hw_include/libdriver.a(gpio_pintypei2c_.o)
                0x0000000000002be4                GPIOPinTypeI2C
 .text          0x0000000000002c04        0x4 hw_include/libdriver.a(i2c_mastercontrol_.o)
                0x0000000000002c04                I2CMasterControl
 .text          0x0000000000002c08        0x4 hw_include/libdriver.a(i2c_masterdataput_.o)
                0x0000000000002c08                I2CMasterDataPut
 .text          0x0000000000002c0c       0x34 hw_include/libdriver.a(i2c_masterinit_.o)
                0x0000000000002c0c                I2CMasterInit
 .text          0x0000000000002c40       0x18 hw_include/libdriver.a(i2c_masterintstatus_.o)
                0x0000000000002c40                I2CMasterIntStatus
 .text          0x0000000000002c58        0x8 hw_include/libdriver.a(i2c_masterslaveaddrset_.o)
                0x0000000000002c58                I2CMasterSlaveAddrSet
 .text          0x0000000000002c60       0x5c hw_include/libdriver.a(interrupt_enable_.o)
                0x0000000000002c60                IntEnable
 .text          0x0000000000002cbc       0x30 hw_include/libdriver.a(interrupt_priorityset_.o)
                0x0000000000002cbc                IntPrioritySet
 .text          0x0000000000002cec        0x0 hw_include/libdriver.a(interrupt_pulregs_.o)
 .text          0x0000000000002cec       0x90 hw_include/libdriver.a(sysctl_clockget_.o)
                0x0000000000002cec                SysCtlClockGet
 .text          0x0000000000002d7c       0xcc hw_include/libdriver.a(sysctl_clockset_.o)
                0x0000000000002d7c                SysCtlClockSet
 .text          0x0000000000002e48       0x1c hw_include/libdriver.a(sysctl_peripheralenable_.o)
                0x0000000000002e48                SysCtlPeripheralEnable
 .text          0x0000000000002e64        0x0 hw_include/libdriver.a(sysctl_pulrcgcregs_.o)
 .text          0x0000000000002e64        0x0 hw_include/libdriver.a(sysctl_pulxtals_.o)
 .text          0x0000000000002e64       0x10 hw_include/libdriver.a(uart_charget_.o)
                0x0000000000002e64                UARTCharGet
 .text          0x0000000000002e74       0x10 hw_include/libdriver.a(uart_charput_.o)
                0x0000000000002e74                UARTCharPut
 .text          0x0000000000002e84       0x38 hw_include/libdriver.a(uart_configset_.o)
                0x0000000000002e84                UARTConfigSet
 .text          0x0000000000002ebc       0x24 hw_include/libdriver.a(uart_disable_.o)
                0x0000000000002ebc                UARTDisable
 .text          0x0000000000002ee0       0x18 hw_include/libdriver.a(uart_enable_.o)
                0x0000000000002ee0                UARTEnable
 .text          0x0000000000002ef8        0x4 hw_include/libdriver.a(uart_intclear_.o)
                0x0000000000002ef8                UARTIntClear
 .text          0x0000000000002efc        0xc hw_include/libdriver.a(uart_intdisable_.o)
                0x0000000000002efc                UARTIntDisable
 .text          0x0000000000002f08        0x8 hw_include/libdriver.a(uart_intenable_.o)
                0x0000000000002f08                UARTIntEnable
 .text          0x0000000000002f10        0xc hw_include/libdriver.a(uart_intstatus_.o)
                0x0000000000002f10                UARTIntStatus
 .text          0x0000000000002f1c       0x48 hw_include/libdriver.a(gpio_dirmodeset_.o)
                0x0000000000002f1c                GPIODirModeSet
 .text          0x0000000000002f64      0x11c hw_include/libdriver.a(gpio_padconfigset_.o)
                0x0000000000002f64                GPIOPadConfigSet
 .text          0x0000000000003080        0xc hw_include/libdriver.a(i2c_masterenable_.o)
                0x0000000000003080                I2CMasterEnable
 .text          0x000000000000308c       0xac /usr/lib/gcc/arm-none-eabi/9.2.1/../../../arm-none-eabi/lib/thumb/nofp/libc.a(lib_a-memcpy-stub.o)
                0x000000000000308c                memcpy
 .text          0x0000000000003138       0xb0 /usr/lib/gcc/arm-none-eabi/9.2.1/../../../arm-none-eabi/lib/thumb/nofp/libc.a(lib_a-memset.o)
                0x0000000000003138                memset
 .text          0x00000000000031e8       0x4c /usr/lib/gcc/arm-none-eabi/9.2.1/../../../arm-none-eabi/lib/thumb/nofp/libc.a(lib_a-stpcpy.o)
                0x00000000000031e8                stpcpy
 .text          0x0000000000003234       0x6c /usr/lib/gcc/arm-none-eabi/9.2.1/../../../arm-none-eabi/lib/thumb/nofp/libc.a(lib_a-strlen-stub.o)
                0x0000000000003234                strlen
 *(.rodata*)
 .rodata.str1.4
                0x00000000000032a0       0xfb gcc/main.o
                                        0x103 (size before relaxing)
 *fill*         0x000000000000339b        0x1 
 .rodata        0x000000000000339c       0x32 gcc/main.o
 *fill*         0x00000000000033ce        0x2 
 .rodata.str1.4
                0x00000000000033d0        0x5 gcc/tasks.o
 *fill*         0x00000000000033d5        0x3 
 .rodata        0x00000000000033d8      0x25d gcc/osram96x16.o
 *fill*         0x0000000000003635        0x3 
 .rodata        0x0000000000003638       0x30 hw_include/libdriver.a(interrupt_pulregs_.o)
                0x0000000000003638                g_pulRegs
 .rodata        0x0000000000003668        0xc hw_include/libdriver.a(sysctl_pulrcgcregs_.o)
                0x0000000000003668                g_pulRCGCRegs
 .rodata        0x0000000000003674       0x30 hw_include/libdriver.a(sysctl_pulxtals_.o)
                0x0000000000003674                g_pulXtals
                0x00000000000036a4                _etext = .

.glue_7         0x00000000000036a4        0x0
 .glue_7        0x00000000000036a4        0x0 linker stubs

.glue_7t        0x00000000000036a4        0x0
 .glue_7t       0x00000000000036a4        0x0 linker stubs

.vfp11_veneer   0x00000000000036a4        0x0
 .vfp11_veneer  0x00000000000036a4        0x0 linker stubs

.v4_bx          0x00000000000036a4        0x0
 .v4_bx         0x00000000000036a4        0x0 linker stubs

.iplt           0x00000000000036a4        0x0
 .iplt          0x00000000000036a4        0x0 gcc/startup.o

.rel.dyn        0x00000000000036a4        0x0
 .rel.iplt      0x00000000000036a4        0x0 gcc/startup.o

.data           0x0000000020000000        0xc load address 0x00000000000036a4
                0x0000000020000000                _data = .
 *(vtable)
 *(.data)
 .data          0x0000000020000000        0x0 gcc/startup.o
 .data          0x0000000020000000        0x1 gcc/main.o
                0x0000000020000000                delayTime
 .data          0x0000000020000001        0x0 gcc/list.o
 .data          0x0000000020000001        0x0 gcc/queue.o
 .data          0x0000000020000001        0x0 gcc/tasks.o
 *fill*         0x0000000020000001        0x3 
 .data          0x0000000020000004        0x4 gcc/port.o
 .data          0x0000000020000008        0x0 gcc/heap_4.o
 .data          0x0000000020000008        0x0 gcc/osram96x16.o
 .data          0x0000000020000008        0x4 gcc/rand.o
 .data          0x000000002000000c        0x0 hw_include/libdriver.a(gpio_pintypei2c_.o)
 .data          0x000000002000000c        0x0 hw_include/libdriver.a(i2c_mastercontrol_.o)
 .data          0x000000002000000c        0x0 hw_include/libdriver.a(i2c_masterdataput_.o)
 .data          0x000000002000000c        0x0 hw_include/libdriver.a(i2c_masterinit_.o)
 .data          0x000000002000000c        0x0 hw_include/libdriver.a(i2c_masterintstatus_.o)
 .data          0x000000002000000c        0x0 hw_include/libdriver.a(i2c_masterslaveaddrset_.o)
 .data          0x000000002000000c        0x0 hw_include/libdriver.a(interrupt_enable_.o)
 .data          0x000000002000000c        0x0 hw_include/libdriver.a(interrupt_priorityset_.o)
 .data          0x000000002000000c        0x0 hw_include/libdriver.a(interrupt_pulregs_.o)
 .data          0x000000002000000c        0x0 hw_include/libdriver.a(sysctl_clockget_.o)
 .data          0x000000002000000c        0x0 hw_include/libdriver.a(sysctl_clockset_.o)
 .data          0x000000002000000c        0x0 hw_include/libdriver.a(sysctl_peripheralenable_.o)
 .data          0x000000002000000c        0x0 hw_include/libdriver.a(sysctl_pulrcgcregs_.o)
 .data          0x000000002000000c        0x0 hw_include/libdriver.a(sysctl_pulxtals_.o)
 .data          0x000000002000000c        0x0 hw_include/libdriver.a(uart_charget_.o)
 .data          0x000000002000000c        0x0 hw_include/libdriver.a(uart_charput_.o)
 .data          0x000000002000000c        0x0 hw_include/libdriver.a(uart_configset_.o)
 .data          0x000000002000000c        0x0 hw_include/libdriver.a(uart_disable_.o)
 .data          0x000000002000000c        0x0 hw_include/libdriver.a(uart_enable_.o)
 .data          0x000000002000000c        0x0 hw_include/libdriver.a(uart_intclear_.o)
 .data          0x000000002000000c        0x0 hw_include/libdriver.a(uart_intdisable_.o)
 .data          0x000000002000000c        0x0 hw_include/libdriver.a(uart_intenable_.o)
 .data          0x000000002000000c        0x0 hw_include/libdriver.a(uart_intstatus_.o)
 .data          0x000000002000000c        0x0 hw_include/libdriver.a(gpio_dirmodeset_.o)
 .data          0x000000002000000c        0x0 hw_include/libdriver.a(gpio_padconfigset_.o)
 .data          0x000000002000000c        0x0 hw_include/libdriver.a(i2c_masterenable_.o)
 .data          0x000000002000000c        0x0 /usr/lib/gcc/arm-none-eabi/9.2.1/../../../arm-none-eabi/lib/thumb/nofp/libc.a(lib_a-memcpy-stub.o)
 .data          0x000000002000000c        0x0 /usr/lib/gcc/arm-none-eabi/9.2.1/../../../arm-none-eabi/lib/thumb/nofp/libc.a(lib_a-memset.o)
 .data          0x000000002000000c        0x0 /usr/lib/gcc/arm-none-eabi/9.2.1/../../../arm-none-eabi/lib/thumb/nofp/libc.a(lib_a-stpcpy.o)
 .data          0x000000002000000c        0x0 /usr/lib/gcc/arm-none-eabi/9.2.1/../../../arm-none-eabi/lib/thumb/nofp/libc.a(lib_a-strlen-stub.o)
                0x000000002000000c                _edata = .

.igot.plt       0x000000002000000c        0x0 load address 0x00000000000036b0
 .igot.plt      0x000000002000000c        0x0 gcc/startup.o

.bss            0x000000002000000c     0x1fe4 load address 0x00000000000036b0
                0x000000002000000c                _bss = .
 *(.bss)
 .bss           0x000000002000000c      0x100 gcc/startup.o
 .bss           0x000000002000010c       0x34 gcc/main.o
                0x000000002000012c                xHandle_Sensor
                0x0000000020000130                xHandle_Filter
                0x0000000020000134                xHandle_Grafic
                0x0000000020000138                xHandle_Top
 .bss           0x0000000020000140        0x0 gcc/list.o
 .bss           0x0000000020000140        0x0 gcc/queue.o
 .bss           0x0000000020000140       0xf0 gcc/tasks.o
                0x000000002000014c                pxCurrentTCB
 .bss           0x0000000020000230        0x0 gcc/port.o
 .bss           0x0000000020000230     0x1da8 gcc/heap_4.o
 .bss           0x0000000020001fd8        0x4 gcc/osram96x16.o
 .bss           0x0000000020001fdc        0x0 gcc/rand.o
 .bss           0x0000000020001fdc        0x0 hw_include/libdriver.a(gpio_pintypei2c_.o)
 .bss           0x0000000020001fdc        0x0 hw_include/libdriver.a(i2c_mastercontrol_.o)
 .bss           0x0000000020001fdc        0x0 hw_include/libdriver.a(i2c_masterdataput_.o)
 .bss           0x0000000020001fdc        0x0 hw_include/libdriver.a(i2c_masterinit_.o)
 .bss           0x0000000020001fdc        0x0 hw_include/libdriver.a(i2c_masterintstatus_.o)
 .bss           0x0000000020001fdc        0x0 hw_include/libdriver.a(i2c_masterslaveaddrset_.o)
 .bss           0x0000000020001fdc        0x0 hw_include/libdriver.a(interrupt_enable_.o)
 .bss           0x0000000020001fdc        0x0 hw_include/libdriver.a(interrupt_priorityset_.o)
 .bss           0x0000000020001fdc        0x0 hw_include/libdriver.a(interrupt_pulregs_.o)
 .bss           0x0000000020001fdc        0x0 hw_include/libdriver.a(sysctl_clockget_.o)
 .bss           0x0000000020001fdc        0x0 hw_include/libdriver.a(sysctl_clockset_.o)
 .bss           0x0000000020001fdc        0x0 hw_include/libdriver.a(sysctl_peripheralenable_.o)
 .bss           0x0000000020001fdc        0x0 hw_include/libdriver.a(sysctl_pulrcgcregs_.o)
 .bss           0x0000000020001fdc        0x0 hw_include/libdriver.a(sysctl_pulxtals_.o)
 .bss           0x0000000020001fdc        0x0 hw_include/libdriver.a(uart_charget_.o)
 .bss           0x0000000020001fdc        0x0 hw_include/libdriver.a(uart_charput_.o)
 .bss           0x0000000020001fdc        0x0 hw_include/libdriver.a(uart_configset_.o)
 .bss           0x0000000020001fdc        0x0 hw_include/libdriver.a(uart_disable_.o)
 .bss           0x0000000020001fdc        0x0 hw_include/libdriver.a(uart_enable_.o)
 .bss           0x0000000020001fdc        0x0 hw_include/libdriver.a(uart_intclear_.o)
 .bss           0x0000000020001fdc        0x0 hw_include/libdriver.a(uart_intdisable_.o)
 .bss           0x0000000020001fdc        0x0 hw_include/libdriver.a(uart_intenable_.o)
 .bss           0x0000000020001fdc        0x0 hw_include/libdriver.a(uart_intstatus_.o)
 .bss           0x0000000020001fdc        0x0 hw_include/libdriver.a(gpio_dirmodeset_.o)
 .bss           0x0000000020001fdc        0x0 hw_include/libdriver.a(gpio_padconfigset_.o)
 .bss           0x0000000020001fdc        0x0 hw_include/libdriver.a(i2c_masterenable_.o)
 .bss           0x0000000020001fdc        0x0 /usr/lib/gcc/arm-none-eabi/9.2.1/../../../arm-none-eabi/lib/thumb/nofp/libc.a(lib_a-memcpy-stub.o)
 .bss           0x0000000020001fdc        0x0 /usr/lib/gcc/arm-none-eabi/9.2.1/../../../arm-none-eabi/lib/thumb/nofp/libc.a(lib_a-memset.o)
 .bss           0x0000000020001fdc        0x0 /usr/lib/gcc/arm-none-eabi/9.2.1/../../../arm-none-eabi/lib/thumb/nofp/libc.a(lib_a-stpcpy.o)
 .bss           0x0000000020001fdc        0x0 /usr/lib/gcc/arm-none-eabi/9.2.1/../../../arm-none-eabi/lib/thumb/nofp/libc.a(lib_a-strlen-stub.o)
 *(COMMON)
 COMMON         0x0000000020001fdc       0x14 gcc/main.o
                0x0000000020001fdc                N
                0x0000000020001fe0                xPrintQueue
                0x0000000020001fe4                xUARTQueue
                0x0000000020001fe8                N_aux
                0x0000000020001fec                xSensorQueue
                0x0000000020001ff0                _ebss = .
LOAD gcc/startup.o
LOAD gcc/main.o
LOAD gcc/list.o
LOAD gcc/queue.o
LOAD gcc/tasks.o
LOAD gcc/port.o
LOAD gcc/heap_4.o
LOAD gcc/osram96x16.o
LOAD gcc/rand.o
LOAD hw_include/libdriver.a
LOAD /usr/lib/gcc/arm-none-eabi/9.2.1/../../../arm-none-eabi/lib/thumb/nofp/libc.a
LOAD /usr/lib/gcc/arm-none-eabi/9.2.1/thumb/nofp/libgcc.a
OUTPUT(gcc/RTOSDemo.axf elf32-littlearm)
LOAD linker stubs

.comment        0x0000000000000000      0x41b
 .comment       0x0000000000000000       0x59 gcc/startup.o
                                         0x5a (size before relaxing)
 .comment       0x0000000000000059       0x5a gcc/main.o
 .comment       0x0000000000000059       0x5a gcc/list.o
 .comment       0x0000000000000059       0x5a gcc/queue.o
 .comment       0x0000000000000059       0x5a gcc/tasks.o
 .comment       0x0000000000000059       0x5a gcc/port.o
 .comment       0x0000000000000059       0x5a gcc/heap_4.o
 .comment       0x0000000000000059       0x5a gcc/osram96x16.o
 .comment       0x0000000000000059       0x5a gcc/rand.o
 .comment       0x0000000000000059       0x22 hw_include/libdriver.a(gpio_pintypei2c_.o)
 .comment       0x000000000000007b       0x22 hw_include/libdriver.a(i2c_mastercontrol_.o)
 .comment       0x000000000000009d       0x22 hw_include/libdriver.a(i2c_masterdataput_.o)
 .comment       0x00000000000000bf       0x22 hw_include/libdriver.a(i2c_masterinit_.o)
 .comment       0x00000000000000e1       0x22 hw_include/libdriver.a(i2c_masterintstatus_.o)
 .comment       0x0000000000000103       0x22 hw_include/libdriver.a(i2c_masterslaveaddrset_.o)
 .comment       0x0000000000000125       0x22 hw_include/libdriver.a(interrupt_enable_.o)
 .comment       0x0000000000000147       0x22 hw_include/libdriver.a(interrupt_priorityset_.o)
 .comment       0x0000000000000169       0x22 hw_include/libdriver.a(interrupt_pulregs_.o)
 .comment       0x000000000000018b       0x22 hw_include/libdriver.a(sysctl_clockget_.o)
 .comment       0x00000000000001ad       0x22 hw_include/libdriver.a(sysctl_clockset_.o)
 .comment       0x00000000000001cf       0x22 hw_include/libdriver.a(sysctl_peripheralenable_.o)
 .comment       0x00000000000001f1       0x22 hw_include/libdriver.a(sysctl_pulrcgcregs_.o)
 .comment       0x0000000000000213       0x22 hw_include/libdriver.a(sysctl_pulxtals_.o)
 .comment       0x0000000000000235       0x22 hw_include/libdriver.a(uart_charget_.o)
 .comment       0x0000000000000257       0x22 hw_include/libdriver.a(uart_charput_.o)
 .comment       0x0000000000000279       0x22 hw_include/libdriver.a(uart_configset_.o)
 .comment       0x000000000000029b       0x22 hw_include/libdriver.a(uart_disable_.o)
 .comment       0x00000000000002bd       0x22 hw_include/libdriver.a(uart_enable_.o)
 .comment       0x00000000000002df       0x22 hw_include/libdriver.a(uart_intclear_.o)
 .comment       0x0000000000000301       0x22 hw_include/libdriver.a(uart_intdisable_.o)
 .comment       0x0000000000000323       0x22 hw_include/libdriver.a(uart_intenable_.o)
 .comment       0x0000000000000345       0x22 hw_include/libdriver.a(uart_intstatus_.o)
 .comment       0x0000000000000367       0x22 hw_include/libdriver.a(gpio_dirmodeset_.o)
 .comment       0x0000000000000389       0x22 hw_include/libdriver.a(gpio_padconfigset_.o)
 .comment       0x00000000000003ab       0x22 hw_include/libdriver.a(i2c_masterenable_.o)
 .comment       0x00000000000003cd       0x4e /usr/lib/gcc/arm-none-eabi/9.2.1/../../../arm-none-eabi/lib/thumb/nofp/libc.a(lib_a-memcpy-stub.o)
                                         0x4f (size before relaxing)
 .comment       0x000000000000041b       0x4f /usr/lib/gcc/arm-none-eabi/9.2.1/../../../arm-none-eabi/lib/thumb/nofp/libc.a(lib_a-memset.o)
 .comment       0x000000000000041b       0x4f /usr/lib/gcc/arm-none-eabi/9.2.1/../../../arm-none-eabi/lib/thumb/nofp/libc.a(lib_a-stpcpy.o)
 .comment       0x000000000000041b       0x4f /usr/lib/gcc/arm-none-eabi/9.2.1/../../../arm-none-eabi/lib/thumb/nofp/libc.a(lib_a-strlen-stub.o)

.ARM.attributes
                0x0000000000000000       0x2f
 .ARM.attributes
                0x0000000000000000       0x2d gcc/startup.o
 .ARM.attributes
                0x000000000000002d       0x2d gcc/main.o
 .ARM.attributes
                0x000000000000005a       0x2d gcc/list.o
 .ARM.attributes
                0x0000000000000087       0x2d gcc/queue.o
 .ARM.attributes
                0x00000000000000b4       0x2d gcc/tasks.o
 .ARM.attributes
                0x00000000000000e1       0x2d gcc/port.o
 .ARM.attributes
                0x000000000000010e       0x2d gcc/heap_4.o
 .ARM.attributes
                0x000000000000013b       0x2d gcc/osram96x16.o
 .ARM.attributes
                0x0000000000000168       0x2d gcc/rand.o
 .ARM.attributes
                0x0000000000000195       0x31 hw_include/libdriver.a(gpio_pintypei2c_.o)
 .ARM.attributes
                0x00000000000001c6       0x31 hw_include/libdriver.a(i2c_mastercontrol_.o)
 .ARM.attributes
                0x00000000000001f7       0x31 hw_include/libdriver.a(i2c_masterdataput_.o)
 .ARM.attributes
                0x0000000000000228       0x31 hw_include/libdriver.a(i2c_masterinit_.o)
 .ARM.attributes
                0x0000000000000259       0x31 hw_include/libdriver.a(i2c_masterintstatus_.o)
 .ARM.attributes
                0x000000000000028a       0x31 hw_include/libdriver.a(i2c_masterslaveaddrset_.o)
 .ARM.attributes
                0x00000000000002bb       0x31 hw_include/libdriver.a(interrupt_enable_.o)
 .ARM.attributes
                0x00000000000002ec       0x31 hw_include/libdriver.a(interrupt_priorityset_.o)
 .ARM.attributes
                0x000000000000031d       0x2f hw_include/libdriver.a(interrupt_pulregs_.o)
 .ARM.attributes
                0x000000000000034c       0x31 hw_include/libdriver.a(sysctl_clockget_.o)
 .ARM.attributes
                0x000000000000037d       0x31 hw_include/libdriver.a(sysctl_clockset_.o)
 .ARM.attributes
                0x00000000000003ae       0x31 hw_include/libdriver.a(sysctl_peripheralenable_.o)
 .ARM.attributes
                0x00000000000003df       0x2f hw_include/libdriver.a(sysctl_pulrcgcregs_.o)
 .ARM.attributes
                0x000000000000040e       0x2f hw_include/libdriver.a(sysctl_pulxtals_.o)
 .ARM.attributes
                0x000000000000043d       0x31 hw_include/libdriver.a(uart_charget_.o)
 .ARM.attributes
                0x000000000000046e       0x31 hw_include/libdriver.a(uart_charput_.o)
 .ARM.attributes
                0x000000000000049f       0x31 hw_include/libdriver.a(uart_configset_.o)
 .ARM.attributes
                0x00000000000004d0       0x31 hw_include/libdriver.a(uart_disable_.o)
 .ARM.attributes
                0x0000000000000501       0x31 hw_include/libdriver.a(uart_enable_.o)
 .ARM.attributes
                0x0000000000000532       0x31 hw_include/libdriver.a(uart_intclear_.o)
 .ARM.attributes
                0x0000000000000563       0x31 hw_include/libdriver.a(uart_intdisable_.o)
 .ARM.attributes
                0x0000000000000594       0x31 hw_include/libdriver.a(uart_intenable_.o)
 .ARM.attributes
                0x00000000000005c5       0x31 hw_include/libdriver.a(uart_intstatus_.o)
 .ARM.attributes
                0x00000000000005f6       0x31 hw_include/libdriver.a(gpio_dirmodeset_.o)
 .ARM.attributes
                0x0000000000000627       0x31 hw_include/libdriver.a(gpio_padconfigset_.o)
 .ARM.attributes
                0x0000000000000658       0x31 hw_include/libdriver.a(i2c_masterenable_.o)
 .ARM.attributes
                0x0000000000000689       0x2a /usr/lib/gcc/arm-none-eabi/9.2.1/../../../arm-none-eabi/lib/thumb/nofp/libc.a(lib_a-memcpy-stub.o)
 .ARM.attributes
                0x00000000000006b3       0x2a /usr/lib/gcc/arm-none-eabi/9.2.1/../../../arm-none-eabi/lib/thumb/nofp/libc.a(lib_a-memset.o)
 .ARM.attributes
                0x00000000000006dd       0x2a /usr/lib/gcc/arm-none-eabi/9.2.1/../../../arm-none-eabi/lib/thumb/nofp/libc.a(lib_a-stpcpy.o)
 .ARM.attributes
                0x0000000000000707       0x2a /usr/lib/gcc/arm-none-eabi/9.2.1/../../../arm-none-eabi/lib/thumb/nofp/libc.a(lib_a-strlen-stub.o)

.debug_info     0x0000000000000000     0x3159
 .debug_info    0x0000000000000000      0xf35 /usr/lib/gcc/arm-none-eabi/9.2.1/../../../arm-none-eabi/lib/thumb/nofp/libc.a(lib_a-memcpy-stub.o)
 .debug_info    0x0000000000000f35      0xf21 /usr/lib/gcc/arm-none-eabi/9.2.1/../../../arm-none-eabi/lib/thumb/nofp/libc.a(lib_a-memset.o)
 .debug_info    0x0000000000001e56      0x990 /usr/lib/gcc/arm-none-eabi/9.2.1/../../../arm-none-eabi/lib/thumb/nofp/libc.a(lib_a-stpcpy.o)
 .debug_info    0x00000000000027e6      0x973 /usr/lib/gcc/arm-none-eabi/9.2.1/../../../arm-none-eabi/lib/thumb/nofp/libc.a(lib_a-strlen-stub.o)

.debug_abbrev   0x0000000000000000      0x811
 .debug_abbrev  0x0000000000000000      0x223 /usr/lib/gcc/arm-none-eabi/9.2.1/../../../arm-none-eabi/lib/thumb/nofp/libc.a(lib_a-memcpy-stub.o)
 .debug_abbrev  0x0000000000000223      0x217 /usr/lib/gcc/arm-none-eabi/9.2.1/../../../arm-none-eabi/lib/thumb/nofp/libc.a(lib_a-memset.o)
 .debug_abbrev  0x000000000000043a      0x1ef /usr/lib/gcc/arm-none-eabi/9.2.1/../../../arm-none-eabi/lib/thumb/nofp/libc.a(lib_a-stpcpy.o)
 .debug_abbrev  0x0000000000000629      0x1e8 /usr/lib/gcc/arm-none-eabi/9.2.1/../../../arm-none-eabi/lib/thumb/nofp/libc.a(lib_a-strlen-stub.o)

.debug_loc      0x0000000000000000      0x8bc
 .debug_loc     0x0000000000000000      0x481 /usr/lib/gcc/arm-none-eabi/9.2.1/../../../arm-none-eabi/lib/thumb/nofp/libc.a(lib_a-memcpy-stub.o)
 .debug_loc     0x0000000000000481      0x2df /usr/lib/gcc/arm-none-eabi/9.2.1/../../../arm-none-eabi/lib/thumb/nofp/libc.a(lib_a-memset.o)
 .debug_loc     0x0000000000000760       0xb9 /usr/lib/gcc/arm-none-eabi/9.2.1/../../../arm-none-eabi/lib/thumb/nofp/libc.a(lib_a-stpcpy.o)
 .debug_loc     0x0000000000000819       0xa3 /usr/lib/gcc/arm-none-eabi/9.2.1/../../../arm-none-eabi/lib/thumb/nofp/libc.a(lib_a-strlen-stub.o)

.debug_aranges  0x0000000000000000       0x80
 .debug_aranges
                0x0000000000000000       0x20 /usr/lib/gcc/arm-none-eabi/9.2.1/../../../arm-none-eabi/lib/thumb/nofp/libc.a(lib_a-memcpy-stub.o)
 .debug_aranges
                0x0000000000000020       0x20 /usr/lib/gcc/arm-none-eabi/9.2.1/../../../arm-none-eabi/lib/thumb/nofp/libc.a(lib_a-memset.o)
 .debug_aranges
                0x0000000000000040       0x20 /usr/lib/gcc/arm-none-eabi/9.2.1/../../../arm-none-eabi/lib/thumb/nofp/libc.a(lib_a-stpcpy.o)
 .debug_aranges
                0x0000000000000060       0x20 /usr/lib/gcc/arm-none-eabi/9.2.1/../../../arm-none-eabi/lib/thumb/nofp/libc.a(lib_a-strlen-stub.o)

.debug_line     0x0000000000000000      0x805
 .debug_line    0x0000000000000000      0x247 /usr/lib/gcc/arm-none-eabi/9.2.1/../../../arm-none-eabi/lib/thumb/nofp/libc.a(lib_a-memcpy-stub.o)
 .debug_line    0x0000000000000247      0x27b /usr/lib/gcc/arm-none-eabi/9.2.1/../../../arm-none-eabi/lib/thumb/nofp/libc.a(lib_a-memset.o)
 .debug_line    0x00000000000004c2      0x184 /usr/lib/gcc/arm-none-eabi/9.2.1/../../../arm-none-eabi/lib/thumb/nofp/libc.a(lib_a-stpcpy.o)
 .debug_line    0x0000000000000646      0x1bf /usr/lib/gcc/arm-none-eabi/9.2.1/../../../arm-none-eabi/lib/thumb/nofp/libc.a(lib_a-strlen-stub.o)

.debug_str      0x0000000000000000      0x913
 .debug_str     0x0000000000000000      0x7f0 /usr/lib/gcc/arm-none-eabi/9.2.1/../../../arm-none-eabi/lib/thumb/nofp/libc.a(lib_a-memcpy-stub.o)
                                        0x8f0 (size before relaxing)
 .debug_str     0x00000000000007f0       0xa0 /usr/lib/gcc/arm-none-eabi/9.2.1/../../../arm-none-eabi/lib/thumb/nofp/libc.a(lib_a-memset.o)
                                        0x8cb (size before relaxing)
 .debug_str     0x0000000000000890       0x38 /usr/lib/gcc/arm-none-eabi/9.2.1/../../../arm-none-eabi/lib/thumb/nofp/libc.a(lib_a-stpcpy.o)
                                        0x5b3 (size before relaxing)
 .debug_str     0x00000000000008c8       0x4b /usr/lib/gcc/arm-none-eabi/9.2.1/../../../arm-none-eabi/lib/thumb/nofp/libc.a(lib_a-strlen-stub.o)
                                        0x5c7 (size before relaxing)

.debug_frame    0x0000000000000000       0xb8
 .debug_frame   0x0000000000000000       0x34 /usr/lib/gcc/arm-none-eabi/9.2.1/../../../arm-none-eabi/lib/thumb/nofp/libc.a(lib_a-memcpy-stub.o)
 .debug_frame   0x0000000000000034       0x30 /usr/lib/gcc/arm-none-eabi/9.2.1/../../../arm-none-eabi/lib/thumb/nofp/libc.a(lib_a-memset.o)
 .debug_frame   0x0000000000000064       0x2c /usr/lib/gcc/arm-none-eabi/9.2.1/../../../arm-none-eabi/lib/thumb/nofp/libc.a(lib_a-stpcpy.o)
 .debug_frame   0x0000000000000090       0x28 /usr/lib/gcc/arm-none-eabi/9.2.1/../../../arm-none-eabi/lib/thumb/nofp/libc.a(lib_a-strlen-stub.o)
